// Jest Snapshot v1, https://goo.gl/fbAQLP

exports[`Navbar Test renders the component without crashing 1`] = `
<div
  className="nav"
>
  <nav
    className="navbar navbar-dark bg-dark"
    id="nav-bar"
  >
    <a
      href="#"
      id="logo"
    >
      Author's Haven
    </a>
    <span
      className="nav-links"
    >
      <span
        className="business-logic"
      >
        <a
          href="#"
        >
          Home
        </a>
        <a
          href="#"
        >
          Articles
        </a>
      </span>
      <span>
        <span
          className="auth-links"
        >
          <a
            href="#"
          >
            Signin
          </a>
          <a
            href="#"
          >
            Register
          </a>
        </span>
      </span>
    </span>
  </nav>
</div>
`;
